2026-01-26 11:56:14.387 | INFO     | __main__:list_tasks:58 - Начинается сортировка задач
2026-01-26 11:58:05.524 | WARNING  | __main__:main:107 - Пользователь ввёл неожидаемый индекс - 4
2026-01-26 11:58:23.424 | INFO     | __main__:list_tasks:58 - Начинается сортировка задач
2026-01-26 12:00:33.189 | WARNING  | __main__:main:107 - Пользователь ввёл неожидаемый индекс - 4
2026-01-26 12:02:04.079 | WARNING  | __main__:main:107 - Пользователь ввёл неожидаемый индекс - 1
2026-01-26 12:06:57.054 | SUCCESS  | __main__:add_task:52 - Добавлена новая задача: Поменять термопасту
2026-01-26 12:07:09.545 | INFO     | __main__:list_tasks:58 - Начинается сортировка задач
2026-01-26 12:08:15.920 | SUCCESS  | __main__:add_task:52 - Добавлена новая задача: Термопаста на сервере
2026-01-26 12:08:19.310 | INFO     | __main__:list_tasks:58 - Начинается сортировка задач
2026-01-26 12:08:28.368 | INFO     | __main__:list_tasks:58 - Начинается сортировка задач
2026-01-26 12:09:27.349 | INFO     | __main__:list_tasks:58 - Начинается сортировка задач
2026-01-26 12:09:51.997 | SUCCESS  | __main__:add_task:52 - Добавлена новая задача: Поменять термопасту
2026-01-26 12:09:53.450 | INFO     | __main__:list_tasks:58 - Начинается сортировка задач
2026-01-26 12:10:15.357 | SUCCESS  | __main__:mark_task_as_done:78 - Задача 'Поменять термопасту' отмечена как завершенная.
2026-01-26 12:10:18.041 | INFO     | __main__:list_tasks:58 - Начинается сортировка задач
2026-01-26 12:12:02.414 | WARNING  | __main__:mark_task_as_done:83 - Задача с заголовком 'Поменять термопасту' не найдена.
2026-01-26 12:12:04.708 | INFO     | __main__:list_tasks:58 - Начинается сортировка задач
2026-01-26 12:12:21.455 | WARNING  | __main__:mark_task_as_done:83 - Задача с заголовком 'Поменять термопасту' не найдена.
2026-01-26 12:13:02.946 | INFO     | __main__:list_tasks:58 - Начинается сортировка задач
2026-01-26 12:13:20.517 | INFO     | __main__:list_tasks:58 - Начинается сортировка задач
2026-01-26 12:14:36.254 | SUCCESS  | __main__:add_task:52 - Добавлена новая задача: Поменять термопасту
2026-01-26 12:14:38.337 | INFO     | __main__:list_tasks:58 - Начинается сортировка задач
2026-01-26 12:14:45.550 | SUCCESS  | __main__:mark_task_as_done:79 - Задача 'Поменять термопасту' отмечена как завершенная.
2026-01-26 12:14:51.511 | INFO     | __main__:list_tasks:58 - Начинается сортировка задач
2026-01-26 12:15:27.691 | SUCCESS  | __main__:add_task:52 - Добавлена новая задача: Погладить кота
2026-01-26 12:15:29.279 | INFO     | __main__:list_tasks:58 - Начинается сортировка задач
2026-01-26 12:16:51.336 | WARNING  | __main__:main:118 - Пользователь ввёл неожидаемый вариант
2026-01-26 12:16:52.291 | INFO     | __main__:list_tasks:58 - Начинается сортировка задач
2026-01-26 12:17:04.889 | INFO     | __main__:list_tasks:58 - Начинается сортировка задач
2026-01-26 12:17:40.996 | SUCCESS  | __main__:mark_task_as_done:79 - Задача 'Погладить кота' отмечена как завершенная.
2026-01-26 12:17:43.955 | INFO     | __main__:list_tasks:58 - Начинается сортировка задач
2026-01-26 12:18:00.543 | SUCCESS  | __main__:mark_task_as_done:79 - Задача 'Погладить кота' отмечена как завершенная.
2026-01-26 12:18:02.956 | INFO     | __main__:list_tasks:58 - Начинается сортировка задач
2026-01-26 12:21:05.800 | SUCCESS  | __main__:add_task:52 - Добавлена новая задача: 123
2026-01-26 12:21:18.412 | SUCCESS  | __main__:add_task:52 - Добавлена новая задача: Погладить сервер
2026-01-26 12:21:20.963 | INFO     | __main__:list_tasks:58 - Начинается сортировка задач
2026-01-26 12:21:51.150 | SUCCESS  | __main__:add_task:52 - Добавлена новая задача: Погладить кота
2026-01-26 12:21:52.474 | INFO     | __main__:list_tasks:58 - Начинается сортировка задач
2026-01-26 12:22:57.961 | SUCCESS  | __main__:add_task:52 - Добавлена новая задача: Кот №21
2026-01-26 12:23:09.459 | SUCCESS  | __main__:add_task:52 - Добавлена новая задача: Погладить сервер
2026-01-26 12:23:18.395 | SUCCESS  | __main__:add_task:52 - Добавлена новая задача: Помыть посуду
2026-01-26 12:23:19.906 | INFO     | __main__:list_tasks:58 - Начинается сортировка задач
2026-01-26 12:24:23.327 | SUCCESS  | __main__:add_task:52 - Добавлена новая задача: Поменять компьютер донку
2026-01-26 12:24:52.262 | SUCCESS  | __main__:add_task:52 - Добавлена новая задача: Поменять компьютер бейби гоату
2026-01-26 12:24:55.919 | INFO     | __main__:list_tasks:58 - Начинается сортировка задач
2026-01-26 12:28:41.830 | INFO     | __main__:list_tasks:58 - Начинается сортировка задач
2026-01-26 12:28:51.100 | SUCCESS  | __main__:mark_task_as_done:79 - Задача 'Помыть посуду' отмечена как завершенная.
2026-01-26 12:28:53.773 | INFO     | __main__:list_tasks:58 - Начинается сортировка задач
2026-01-26 12:29:22.441 | SUCCESS  | __main__:mark_task_as_done:79 - Задача 'Поменять компьютер донку' отмечена как завершенная.
2026-01-26 12:29:31.011 | SUCCESS  | __main__:mark_task_as_done:79 - Задача 'Погладить сервер' отмечена как завершенная.
2026-01-26 12:29:32.498 | INFO     | __main__:list_tasks:58 - Начинается сортировка задач
